drwxr-xr-x - nixbld 16 Nov 08:42 git
drwxr-xr-x - nixbld 16 Nov 08:42 grid
drwxr-xr-x - nixbld 16 Nov 08:42 group
drwxr-xr-x - nixbld 16 Nov 08:42 icons
drwxr-xr-x - nixbld 16 Nov 08:42 perms
drwxr-xr-x - nixbld 16 Nov 08:42 size
drwxr-xr-x - nixbld 16 Nov 08:42 specials
drwxr-xr-x - nixbld 16 Nov 08:42 symlinks
drwxr-xr-x - nixbld 16 Nov 08:42 time
